// Jest Snapshot v1, https://goo.gl/fbAQLP

exports[`Tests for the Header component Checks for the Snapshot 1`] = `undefined`;
