// Jest Snapshot v1, https://goo.gl/fbAQLP

exports[`Tests for the Missions component Check for the snapshot 1`] = `undefined`;
